../Core/Src/main.c:112:6:HAL_GPIO_EXTI_Callback	4
../Core/Src/main.c:130:6:HAL_UART_RxCpltCallback	20
../Core/Src/main.c:206:6:Send_Telemetry	3
../Core/Src/main.c:234:7:get_line_error_continuous	8
../Core/Src/main.c:270:5:main	11
../Core/Src/main.c:438:6:SystemClock_Config	3
../Core/Src/main.c:485:13:MX_ADC1_Init	11
../Core/Src/main.c:609:13:MX_TIM1_Init	8
../Core/Src/main.c:688:13:MX_USART1_UART_Init	2
../Core/Src/main.c:719:13:MX_DMA_Init	1
../Core/Src/main.c:737:13:MX_GPIO_Init	1
../Core/Src/main.c:772:6:Error_Handler	1
