../Core/Src/main.c:112:6:HAL_GPIO_EXTI_Callback	16	static
../Core/Src/main.c:130:6:HAL_UART_RxCpltCallback	64	static
../Core/Src/main.c:206:6:Send_Telemetry	168	static
../Core/Src/main.c:234:7:get_line_error_continuous	48	static
../Core/Src/main.c:270:5:main	40	static
../Core/Src/main.c:438:6:SystemClock_Config	88	static
../Core/Src/main.c:485:13:MX_ADC1_Init	24	static
../Core/Src/main.c:609:13:MX_TIM1_Init	80	static
../Core/Src/main.c:688:13:MX_USART1_UART_Init	8	static
../Core/Src/main.c:719:13:MX_DMA_Init	16	static
../Core/Src/main.c:737:13:MX_GPIO_Init	40	static
../Core/Src/main.c:772:6:Error_Handler	4	static,ignoring_inline_asm
