2026-05-20 17:22:38,472 [INFO] Activator:176 - 


2026-05-20 17:22:38,473 [INFO] Activator:177 - !SESSION log4j initialized
2026-05-20 17:22:41,513 [INFO] LogOutputStream:77 - [STDOUT_REDIRECT] 
2026-05-20 17:22:45,705 [INFO] ApplicationProperties:184 - Using Application install path: C:\ST\STM32CubeIDE_1.19.0\STM32CubeIDE\plugins\com.st.stm32cube.common.mx_6.15.0.202507011659
2026-05-20 17:22:45,731 [INFO] DbMcusXml:78 - Set database path to: C:\ST\STM32CubeIDE_1.19.0\STM32CubeIDE\plugins\com.st.stm32cube.common.mx_6.15.0.202507011659\\db\/mcu/
2026-05-20 17:22:45,732 [INFO] ApiDb:274 - Set plugin database path to: C:\ST\STM32CubeIDE_1.19.0\STM32CubeIDE\plugins\com.st.stm32cube.common.mx_6.15.0.202507011659\\db\/plugins/boardmanager/
2026-05-20 17:22:45,733 [WARN] ApiDb:259 - Overriding images path with different value:  => C:\ST\STM32CubeIDE_1.19.0\STM32CubeIDE\plugins\com.st.stm32cube.common.mx_6.15.0.202507011659\\db\/plugins/mcufinder/images/
2026-05-20 17:22:45,741 [INFO] ApiDb:250 - Set database path to: C:\Users\aai\.stmcufinder\plugins\mcufinder//mcu/
2026-05-20 17:22:45,743 [INFO] DbMcusAds:125 - Set database path to: C:\Users\aai\.stmcufinder\plugins\mcufinder//mcu/
2026-05-20 17:22:45,744 [INFO] CrossReferenceDbSqlite:203 - Set database path to: C:\Users\aai\.stmcufinder\plugins\mcufinder//mcu/cs/
2026-05-20 17:22:45,903 [INFO] RulesReader:64 - Compatibility file has been processed (317 Rules)
2026-05-20 17:22:46,038 [INFO] DbMcusXml:78 - Set database path to: C:\ST\STM32CubeIDE_1.19.0\STM32CubeIDE\plugins\com.st.stm32cube.common.mx_6.15.0.202507011659\\db\/mcu/
2026-05-20 17:22:46,038 [INFO] ApiDb:274 - Set plugin database path to: C:\ST\STM32CubeIDE_1.19.0\STM32CubeIDE\plugins\com.st.stm32cube.common.mx_6.15.0.202507011659\\db\/plugins/boardmanager/
2026-05-20 17:22:46,038 [INFO] ApiDb:261 - Set plugin images path to: C:\ST\STM32CubeIDE_1.19.0\STM32CubeIDE\plugins\com.st.stm32cube.common.mx_6.15.0.202507011659\\db\/plugins/mcufinder/images/
2026-05-20 17:22:46,038 [WARN] DbFile:41 - Overriding database path with different value: C:\Users\aai\.stmcufinder\plugins\mcufinder/ => C:\Users\aai\.stmcufinder\plugins\mcufinder
2026-05-20 17:22:46,039 [INFO] ApiDb:250 - Set database path to: C:\Users\aai\.stmcufinder\plugins\mcufinder//mcu/
2026-05-20 17:22:46,039 [WARN] DbFile:41 - Overriding database path with different value: C:\Users\aai\.stmcufinder\plugins\mcufinder/ => C:\Users\aai\.stmcufinder\plugins\mcufinder
2026-05-20 17:22:46,039 [INFO] DbMcusAds:125 - Set database path to: C:\Users\aai\.stmcufinder\plugins\mcufinder//mcu/
2026-05-20 17:22:46,039 [WARN] DbFile:41 - Overriding database path with different value: C:\Users\aai\.stmcufinder\plugins\mcufinder/ => C:\Users\aai\.stmcufinder\plugins\mcufinder
2026-05-20 17:22:46,039 [WARN] DbFile:41 - Overriding database path with different value: C:\Users\aai\.stmcufinder\plugins\mcufinder/ => C:\Users\aai\.stmcufinder\plugins\mcufinder
2026-05-20 17:22:46,039 [INFO] CrossReferenceDbSqlite:203 - Set database path to: C:\Users\aai\.stmcufinder\plugins\mcufinder//mcu/cs/
2026-05-20 17:22:46,157 [INFO] MainPanel:274 - HeapMemory: 268435456
2026-05-20 17:22:46,347 [INFO] DbMcusXml:78 - Set database path to: C:\ST\STM32CubeIDE_1.19.0\STM32CubeIDE\plugins\com.st.stm32cube.common.mx_6.15.0.202507011659\\db\/mcu/
2026-05-20 17:22:46,347 [INFO] ApiDb:274 - Set plugin database path to: C:\ST\STM32CubeIDE_1.19.0\STM32CubeIDE\plugins\com.st.stm32cube.common.mx_6.15.0.202507011659\\db\/plugins/boardmanager/
2026-05-20 17:22:46,347 [INFO] ApiDb:261 - Set plugin images path to: C:\ST\STM32CubeIDE_1.19.0\STM32CubeIDE\plugins\com.st.stm32cube.common.mx_6.15.0.202507011659\\db\/plugins/mcufinder/images/
2026-05-20 17:22:46,347 [WARN] DbFile:41 - Overriding database path with different value: C:\Users\aai\.stmcufinder\plugins\mcufinder/ => C:\Users\aai\.stmcufinder\plugins\mcufinder
2026-05-20 17:22:46,347 [INFO] ApiDb:250 - Set database path to: C:\Users\aai\.stmcufinder\plugins\mcufinder//mcu/
2026-05-20 17:22:46,347 [WARN] DbFile:41 - Overriding database path with different value: C:\Users\aai\.stmcufinder\plugins\mcufinder/ => C:\Users\aai\.stmcufinder\plugins\mcufinder
2026-05-20 17:22:46,347 [INFO] DbMcusAds:125 - Set database path to: C:\Users\aai\.stmcufinder\plugins\mcufinder//mcu/
2026-05-20 17:22:46,348 [WARN] DbFile:41 - Overriding database path with different value: C:\Users\aai\.stmcufinder\plugins\mcufinder/ => C:\Users\aai\.stmcufinder\plugins\mcufinder
2026-05-20 17:22:46,348 [WARN] DbFile:41 - Overriding database path with different value: C:\Users\aai\.stmcufinder\plugins\mcufinder/ => C:\Users\aai\.stmcufinder\plugins\mcufinder
2026-05-20 17:22:46,348 [INFO] CrossReferenceDbSqlite:203 - Set database path to: C:\Users\aai\.stmcufinder\plugins\mcufinder//mcu/cs/
2026-05-20 17:22:46,370 [INFO] ApplicationProperties:184 - Using Application install path: C:\ST\STM32CubeIDE_1.19.0\STM32CubeIDE\plugins\com.st.stm32cube.common.mx_6.15.0.202507011659
2026-05-20 17:22:46,371 [INFO] PluginManage:196 - Search for loadable plugins [exclusion list=, ]
2026-05-20 17:22:46,373 [INFO] PluginManage:310 - Check plugin analytics
2026-05-20 17:22:46,607 [INFO] AnalyticsPlugin:253 - Accepted Software Licenses: 
2026-05-20 17:22:46,607 [INFO] AnalyticsPlugin:255 - Accepted CMSIS Pack Licenses: 
2026-05-20 17:22:46,608 [INFO] AnalyticsPlugin:257 - Accepted Firmware Licenses: FW.F4.1.28.0,FW.G4.1.6.0
2026-05-20 17:22:46,612 [INFO] PluginManage:359 - Loaded plugin analytics (category:tool,tabindex:-1)
2026-05-20 17:22:46,612 [INFO] PluginManage:310 - Check plugin cadmodel
2026-05-20 17:22:46,616 [INFO] CADModel:105 - Init CAD model plugin
2026-05-20 17:22:46,617 [INFO] PluginManage:359 - Loaded plugin cadmodel (category:power,tabindex:5)
2026-05-20 17:22:46,618 [INFO] PluginManage:310 - Check plugin clock
2026-05-20 17:22:46,627 [INFO] PluginManage:359 - Loaded plugin clock (category:base,tabindex:2)
2026-05-20 17:22:46,627 [INFO] PluginManage:310 - Check plugin ddr
2026-05-20 17:22:46,630 [INFO] PluginManage:359 - Loaded plugin ddr (category:tool,tabindex:6)
2026-05-20 17:22:46,630 [INFO] PluginManage:310 - Check plugin filemanager
2026-05-20 17:22:46,832 [INFO] PluginManage:359 - Loaded plugin filemanager (category:base,tabindex:10)
2026-05-20 17:22:46,832 [INFO] PluginManage:310 - Check plugin ipmanager
2026-05-20 17:22:46,839 [INFO] PluginManage:359 - Loaded plugin ipmanager (category:base,tabindex:5)
2026-05-20 17:22:46,840 [INFO] PluginManage:310 - Check plugin lpbam
2026-05-20 17:22:46,847 [INFO] PluginManage:359 - Loaded plugin lpbam (category:base,tabindex:0)
2026-05-20 17:22:46,847 [INFO] PluginManage:310 - Check plugin memorymap
2026-05-20 17:22:46,865 [INFO] PluginManage:359 - Loaded plugin memorymap (category:base,tabindex:4)
2026-05-20 17:22:46,865 [INFO] PluginManage:310 - Check plugin pinoutandconfiguration
2026-05-20 17:22:46,871 [INFO] PluginManage:359 - Loaded plugin pinoutandconfiguration (category:base,tabindex:1)
2026-05-20 17:22:46,871 [INFO] PluginManage:310 - Check plugin pinoutconfig
2026-05-20 17:22:46,977 [WARN] SupportedApi:132 - Cannot load RTOS API schema: s4s-elt-must-match.1: The content of 'definitions' must match (annotation?, (simpleType | complexType)?, (unique | key | keyref)*)). A problem was found starting at: attribute.
2026-05-20 17:22:47,148 [INFO] PluginManage:359 - Loaded plugin pinoutconfig (category:base,tabindex:0)
2026-05-20 17:22:47,148 [INFO] PluginManage:310 - Check plugin power
2026-05-20 17:22:47,158 [INFO] PluginManage:359 - Loaded plugin power (category:power,tabindex:4)
2026-05-20 17:22:47,159 [INFO] PluginManage:310 - Check plugin projectmanager
2026-05-20 17:22:47,177 [INFO] PluginManage:359 - Loaded plugin projectmanager (category:projectmanager,tabindex:4)
2026-05-20 17:22:47,178 [INFO] PluginManage:310 - Check plugin rif
2026-05-20 17:22:47,195 [INFO] PluginManage:359 - Loaded plugin rif (category:base,tabindex:3)
2026-05-20 17:22:47,196 [INFO] PluginManage:310 - Check plugin thirdparty
2026-05-20 17:22:47,356 [INFO] PluginManage:359 - Loaded plugin thirdparty (category:base,tabindex:-1)
2026-05-20 17:22:47,356 [WARN] IntegrityCheckThread:84 - waiting for thirdparty lock release [integrity check]
2026-05-20 17:22:47,357 [INFO] PluginManage:310 - Check plugin tools
2026-05-20 17:22:47,357 [INFO] IntegrityCheckThread:86 - entering critical section [integrity check]
2026-05-20 17:22:47,357 [INFO] ThirdPartyUpdaterWithRetryManager:70 - Updater plugin not ready yet. [1/15]
2026-05-20 17:22:47,362 [INFO] PluginManage:359 - Loaded plugin tools (category:base,tabindex:7)
2026-05-20 17:22:47,362 [INFO] PluginManage:310 - Check plugin tutovideos
2026-05-20 17:22:47,677 [INFO] PluginManage:359 - Loaded plugin tutovideos (category:base,tabindex:-1)
2026-05-20 17:22:47,677 [INFO] PluginManage:310 - Check plugin updater
2026-05-20 17:22:47,697 [INFO] PluginManage:359 - Loaded plugin updater (category:base,tabindex:12)
2026-05-20 17:22:47,697 [INFO] PluginManage:310 - Check plugin userauth
2026-05-20 17:22:47,703 [INFO] UserAuth:118 - Init User Auth plugin
2026-05-20 17:22:47,703 [INFO] PluginManage:359 - Loaded plugin userauth (category:base,tabindex:14)
2026-05-20 17:22:47,704 [INFO] PluginManage:283 - PluginManage : Loaded plugins [18]
2026-05-20 17:22:47,982 [INFO] PinOutPanel:1589 - setPackage(No Configuration,No Configuration)
2026-05-20 17:22:48,078 [INFO] CADModel:165 - CPN selected for project level
2026-05-20 17:22:48,078 [INFO] CADModel:114 - Register for checkConnection events
2026-05-20 17:22:48,091 [INFO] IPUIPlugin:80 - create IPUIPlugin
2026-05-20 17:22:48,091 [INFO] PluginManager:220 - loadIPPluginJar : add adc
2026-05-20 17:22:48,093 [INFO] IPUIPlugin:80 - create IPUIPlugin
2026-05-20 17:22:48,093 [INFO] PluginManager:220 - loadIPPluginJar : add aes
2026-05-20 17:22:48,095 [INFO] IPUIPlugin:80 - create IPUIPlugin
2026-05-20 17:22:48,095 [INFO] PluginManager:220 - loadIPPluginJar : add can
2026-05-20 17:22:48,096 [INFO] IPUIPlugin:80 - create IPUIPlugin
2026-05-20 17:22:48,097 [INFO] PluginManager:220 - loadIPPluginJar : add comp
2026-05-20 17:22:48,099 [INFO] IPUIPlugin:80 - create IPUIPlugin
2026-05-20 17:22:48,099 [INFO] PluginManager:220 - loadIPPluginJar : add cryp
2026-05-20 17:22:48,102 [INFO] IPUIPlugin:80 - create IPUIPlugin
2026-05-20 17:22:48,102 [INFO] PluginManager:220 - loadIPPluginJar : add ddr_ctrl_phy
2026-05-20 17:22:48,104 [INFO] IPUIPlugin:80 - create IPUIPlugin
2026-05-20 17:22:48,104 [INFO] PluginManager:220 - loadIPPluginJar : add dfsdm
2026-05-20 17:22:48,108 [INFO] IPUIPlugin:80 - create IPUIPlugin
2026-05-20 17:22:48,108 [INFO] PluginManager:220 - loadIPPluginJar : add dma
2026-05-20 17:22:48,110 [INFO] IPUIPlugin:80 - create IPUIPlugin
2026-05-20 17:22:48,110 [INFO] PluginManager:220 - loadIPPluginJar : add dma3
2026-05-20 17:22:48,112 [INFO] IPUIPlugin:80 - create IPUIPlugin
2026-05-20 17:22:48,112 [INFO] PluginManager:220 - loadIPPluginJar : add extmemmanager
2026-05-20 17:22:48,113 [INFO] IPUIPlugin:80 - create IPUIPlugin
2026-05-20 17:22:48,113 [INFO] PluginManager:220 - loadIPPluginJar : add fatfs
2026-05-20 17:22:48,117 [INFO] IPUIPlugin:80 - create IPUIPlugin
2026-05-20 17:22:48,117 [INFO] PluginManager:220 - loadIPPluginJar : add fmc
2026-05-20 17:22:48,121 [INFO] IPUIPlugin:80 - create IPUIPlugin
2026-05-20 17:22:48,121 [INFO] PluginManager:220 - loadIPPluginJar : add freertos
2026-05-20 17:22:48,122 [INFO] IPUIPlugin:80 - create IPUIPlugin
2026-05-20 17:22:48,122 [INFO] PluginManager:220 - loadIPPluginJar : add genericplugin
2026-05-20 17:22:48,124 [INFO] IPUIPlugin:80 - create IPUIPlugin
2026-05-20 17:22:48,124 [INFO] PluginManager:220 - loadIPPluginJar : add gfxmmu
2026-05-20 17:22:48,127 [INFO] IPUIPlugin:80 - create IPUIPlugin
2026-05-20 17:22:48,127 [INFO] PluginManager:220 - loadIPPluginJar : add gic
2026-05-20 17:22:48,130 [INFO] IPUIPlugin:80 - create IPUIPlugin
2026-05-20 17:22:48,130 [INFO] PluginManager:220 - loadIPPluginJar : add gpio
2026-05-20 17:22:48,132 [INFO] IPUIPlugin:80 - create IPUIPlugin
2026-05-20 17:22:48,132 [INFO] PluginManager:220 - loadIPPluginJar : add gtzc
2026-05-20 17:22:48,134 [INFO] IPUIPlugin:80 - create IPUIPlugin
2026-05-20 17:22:48,134 [INFO] PluginManager:220 - loadIPPluginJar : add hash
2026-05-20 17:22:48,136 [INFO] IPUIPlugin:80 - create IPUIPlugin
2026-05-20 17:22:48,136 [INFO] PluginManager:220 - loadIPPluginJar : add i2c
2026-05-20 17:22:48,138 [INFO] IPUIPlugin:80 - create IPUIPlugin
2026-05-20 17:22:48,138 [INFO] PluginManager:220 - loadIPPluginJar : add i2s
2026-05-20 17:22:48,140 [INFO] IPUIPlugin:80 - create IPUIPlugin
2026-05-20 17:22:48,140 [INFO] PluginManager:220 - loadIPPluginJar : add i3c
2026-05-20 17:22:48,144 [INFO] IPUIPlugin:80 - create IPUIPlugin
2026-05-20 17:22:48,144 [INFO] PluginManager:220 - loadIPPluginJar : add ipddr
2026-05-20 17:22:48,150 [INFO] IPUIPlugin:80 - create IPUIPlugin
2026-05-20 17:22:48,150 [INFO] PluginManager:220 - loadIPPluginJar : add linkedlist
2026-05-20 17:22:48,152 [INFO] IPUIPlugin:80 - create IPUIPlugin
2026-05-20 17:22:48,152 [INFO] PluginManager:220 - loadIPPluginJar : add lorawan
2026-05-20 17:22:48,153 [INFO] IPUIPlugin:80 - create IPUIPlugin
2026-05-20 17:22:48,153 [INFO] PluginManager:220 - loadIPPluginJar : add ltdc
2026-05-20 17:22:48,157 [INFO] IPUIPlugin:80 - create IPUIPlugin
2026-05-20 17:22:48,157 [INFO] PluginManager:220 - loadIPPluginJar : add mdma
2026-05-20 17:22:48,159 [INFO] IPUIPlugin:80 - create IPUIPlugin
2026-05-20 17:22:48,160 [INFO] PluginManager:220 - loadIPPluginJar : add nvic
2026-05-20 17:22:48,162 [INFO] IPUIPlugin:80 - create IPUIPlugin
2026-05-20 17:22:48,162 [INFO] PluginManager:220 - loadIPPluginJar : add opamp
2026-05-20 17:22:48,166 [INFO] IPUIPlugin:80 - create IPUIPlugin
2026-05-20 17:22:48,166 [INFO] PluginManager:220 - loadIPPluginJar : add openamp
2026-05-20 17:22:48,168 [INFO] IPUIPlugin:80 - create IPUIPlugin
2026-05-20 17:22:48,168 [INFO] PluginManager:220 - loadIPPluginJar : add pdm2pcm
2026-05-20 17:22:48,173 [INFO] IPUIPlugin:80 - create IPUIPlugin
2026-05-20 17:22:48,175 [INFO] PluginManager:220 - loadIPPluginJar : add plateformsettings
2026-05-20 17:22:48,178 [INFO] IPUIPlugin:80 - create IPUIPlugin
2026-05-20 17:22:48,178 [INFO] PluginManager:220 - loadIPPluginJar : add quadspi
2026-05-20 17:22:48,180 [INFO] IPUIPlugin:80 - create IPUIPlugin
2026-05-20 17:22:48,180 [INFO] PluginManager:220 - loadIPPluginJar : add radio
2026-05-20 17:22:48,183 [INFO] IPUIPlugin:80 - create IPUIPlugin
2026-05-20 17:22:48,183 [INFO] PluginManager:220 - loadIPPluginJar : add resmgrutility
2026-05-20 17:22:48,186 [INFO] IPUIPlugin:80 - create IPUIPlugin
2026-05-20 17:22:48,186 [INFO] PluginManager:220 - loadIPPluginJar : add sai
2026-05-20 17:22:48,188 [INFO] IPUIPlugin:80 - create IPUIPlugin
2026-05-20 17:22:48,188 [INFO] PluginManager:220 - loadIPPluginJar : add spi
2026-05-20 17:22:48,193 [INFO] IPUIPlugin:80 - create IPUIPlugin
2026-05-20 17:22:48,193 [INFO] PluginManager:220 - loadIPPluginJar : add stm32_wpan
2026-05-20 17:22:48,195 [INFO] IPUIPlugin:80 - create IPUIPlugin
2026-05-20 17:22:48,195 [INFO] PluginManager:220 - loadIPPluginJar : add tim
2026-05-20 17:22:48,197 [INFO] IPUIPlugin:80 - create IPUIPlugin
2026-05-20 17:22:48,198 [INFO] PluginManager:220 - loadIPPluginJar : add touchsensing
2026-05-20 17:22:48,200 [INFO] IPUIPlugin:80 - create IPUIPlugin
2026-05-20 17:22:48,200 [INFO] PluginManager:220 - loadIPPluginJar : add tracer_emb
2026-05-20 17:22:48,201 [INFO] IPUIPlugin:80 - create IPUIPlugin
2026-05-20 17:22:48,202 [INFO] PluginManager:220 - loadIPPluginJar : add ts
2026-05-20 17:22:48,203 [INFO] IPUIPlugin:80 - create IPUIPlugin
2026-05-20 17:22:48,203 [INFO] PluginManager:220 - loadIPPluginJar : add tsc
2026-05-20 17:22:48,205 [INFO] IPUIPlugin:80 - create IPUIPlugin
2026-05-20 17:22:48,205 [INFO] PluginManager:220 - loadIPPluginJar : add ucpd
2026-05-20 17:22:48,208 [INFO] IPUIPlugin:80 - create IPUIPlugin
2026-05-20 17:22:48,208 [INFO] PluginManager:220 - loadIPPluginJar : add usart
2026-05-20 17:22:48,211 [INFO] IPUIPlugin:80 - create IPUIPlugin
2026-05-20 17:22:48,211 [INFO] PluginManager:220 - loadIPPluginJar : add usbx
2026-05-20 17:22:48,341 [FATAL] Updater:351 - Updater called before beeing initialized
2026-05-20 17:22:48,365 [INFO] RulesReader:64 - Compatibility file has been processed (317 Rules)
2026-05-20 17:22:48,375 [INFO] RulesReader:64 - Compatibility file has been processed (317 Rules)
2026-05-20 17:22:48,386 [INFO] CADModel:165 - CPN selected for project level
2026-05-20 17:22:48,386 [INFO] CADModel:114 - Register for checkConnection events
2026-05-20 17:22:48,386 [FATAL] Updater:351 - Updater called before beeing initialized
2026-05-20 17:22:48,386 [ERROR] CADModel:125 - Updater not yet initialized, retry later 
2026-05-20 17:22:48,577 [FATAL] Updater:351 - Updater called before beeing initialized
2026-05-20 17:22:48,578 [INFO] CADModel:165 - CPN selected for project level
2026-05-20 17:22:48,579 [INFO] CADModel:114 - Register for checkConnection events
2026-05-20 17:22:48,579 [FATAL] Updater:351 - Updater called before beeing initialized
2026-05-20 17:22:48,579 [ERROR] CADModel:125 - Updater not yet initialized, retry later 
2026-05-20 17:22:48,583 [FATAL] Updater:351 - Updater called before beeing initialized
2026-05-20 17:22:48,702 [FATAL] Updater:351 - Updater called before beeing initialized
2026-05-20 17:22:48,706 [INFO] DbMcusAds:53 - JSON generation date=Fri Apr 10 14:49:02 IST 2026 (1775812742310)
2026-05-20 17:22:48,707 [FATAL] Updater:351 - Updater called before beeing initialized
2026-05-20 17:22:48,750 [WARN] DetailPanel:346 - Failed to get advertising image, set to default
2026-05-20 17:22:48,848 [FATAL] Updater:351 - Updater called before beeing initialized
2026-05-20 17:22:48,850 [FATAL] Updater:351 - Updater called before beeing initialized
2026-05-20 17:22:48,850 [FATAL] Updater:351 - Updater called before beeing initialized
2026-05-20 17:22:48,850 [WARN] DetailPanel:346 - Failed to get advertising image, set to default
2026-05-20 17:22:48,851 [FATAL] Updater:351 - Updater called before beeing initialized
2026-05-20 17:22:48,909 [ERROR] Updater:1198 - MainUpdater not yet initialized. External WinMGr cannot be set.
2026-05-20 17:22:48,911 [INFO] Updater:1134 - Updater Version found : 6.15.0
2026-05-20 17:22:48,926 [INFO] ApplicationProperties:184 - Using Application install path: C:\ST\STM32CubeIDE_1.19.0\STM32CubeIDE\plugins\com.st.stm32cube.common.mx_6.15.0.202507011659
2026-05-20 17:22:50,359 [INFO] ThirdPartyUpdaterWithRetryManager:70 - Updater plugin not ready yet. [2/15]
2026-05-20 17:22:50,512 [ERROR] LogOutputStream:75 - [STDERR_REDIRECT] May 20, 2026 5:22:50 PM java.util.prefs.WindowsPreferences <init>
2026-05-20 17:22:50,514 [ERROR] LogOutputStream:75 - [STDERR_REDIRECT] WARNING: Could not open/create prefs root node Software\JavaSoft\Prefs at root 0xffffffff80000002. Windows RegCreateKeyEx(...) returned error code 5.
2026-05-20 17:22:50,515 [ERROR] LogOutputStream:75 - [STDERR_REDIRECT] 
2026-05-20 17:22:50,929 [INFO] MainUpdater:2872 - connection check result : 10
2026-05-20 17:22:50,929 [INFO] MainUpdater:289 - Updater Check For Update Now.
2026-05-20 17:22:50,929 [INFO] MicroXplorer:498 - Change Database Version : DB.6.0.150
2026-05-20 17:22:50,944 [INFO] McuFinderGlobals:63 - Set McuFinder mode to 2 (CubeIDE integrated)
2026-05-20 17:22:50,945 [INFO] UserAuth:487 - Internet connection configuration mode: 1
2026-05-20 17:22:50,977 [INFO] JxBrowserEngine:152 - Initiate JxBrowser Engine with user profile folder
2026-05-20 17:22:51,132 [INFO] CheckServerUpdateThread:120 - End of CheckServer Thread
2026-05-20 17:22:52,174 [INFO] WebApp:169 - Instantiating new browser for Auth
2026-05-20 17:22:53,179 [INFO] WebApp:463 - Apply proxy settings
2026-05-20 17:22:53,180 [INFO] WebApp:548 - Chromium requires no authentication
2026-05-20 17:22:53,201 [INFO] WebApp:491 - Direct internet connection detected
2026-05-20 17:22:53,239 [INFO] WebApp:900 - Register for checkConnection events
2026-05-20 17:22:53,239 [INFO] WebApp:463 - Apply proxy settings
2026-05-20 17:22:53,239 [INFO] WebApp:548 - Chromium requires no authentication
2026-05-20 17:22:53,240 [INFO] WebApp:491 - Direct internet connection detected
2026-05-20 17:22:53,579 [INFO] WebApp:225 - Starting web application
2026-05-20 17:22:53,580 [INFO] WebApp:593 - Web application path used C:\ST\STM32CubeIDE_1.19.0\STM32CubeIDE\plugins\com.st.stm32cube.common.mx_6.15.0.202507011659\db\plugins\mcufinder\reactClient1\index.html
2026-05-20 17:22:53,724 [WARN] PackLoader:240 - Cannot read IP mode file for STMicroelectronics.X-CUBE-AZRTOS-H7.3.5.0
2026-05-20 17:22:53,728 [INFO] UserAuth:487 - Internet connection configuration mode: 1
2026-05-20 17:22:53,744 [WARN] PackLoader:240 - Cannot read IP mode file for STMicroelectronics.FP-SNS-MOTENVWB1.1.4.0
2026-05-20 17:22:53,754 [WARN] PackLoader:240 - Cannot read IP mode file for STMicroelectronics.FP-ATR-ASTRA1.2.0.2
2026-05-20 17:22:53,774 [WARN] PackLoader:240 - Cannot read IP mode file for STMicroelectronics.X-CUBE-SMBUS.2.1.0
2026-05-20 17:22:53,814 [WARN] PackLoader:240 - Cannot read IP mode file for STMicroelectronics.X-CUBE-AZRTOS-F7.1.1.0
2026-05-20 17:22:53,829 [WARN] PackLoader:240 - Cannot read IP mode file for STMicroelectronics.FP-SNS-MOTENV1.5.1.0
2026-05-20 17:22:53,847 [WARN] PackLoader:240 - Cannot read IP mode file for WES.I-CUBE-Cesium.1.4.0
2026-05-20 17:22:53,881 [WARN] PackLoader:240 - Cannot read IP mode file for STMicroelectronics.X-CUBE-AZRTOS-H7.3.4.0
2026-05-20 17:22:53,896 [WARN] PackLoader:240 - Cannot read IP mode file for STMicroelectronics.X-CUBE-DISPLAY.3.0.0
2026-05-20 17:22:53,907 [WARN] PackLoader:240 - Cannot read IP mode file for STMicroelectronics.X-CUBE-GNSS1.7.1.1
2026-05-20 17:22:53,912 [WARN] PackLoader:240 - Cannot read IP mode file for STMicroelectronics.FP-SNS-MOTENVWB1.1.5.0
2026-05-20 17:22:53,920 [WARN] PackLoader:240 - Cannot read IP mode file for STMicroelectronics.X-CUBE-NFC10.1.0.0
2026-05-20 17:22:53,926 [WARN] PackLoader:240 - Cannot read IP mode file for STMicroelectronics.X-CUBE-ST60.1.1.0
2026-05-20 17:22:53,936 [WARN] PackLoader:240 - Cannot read IP mode file for emotas.I-CUBE-CANOPEN.1.3.0
2026-05-20 17:22:53,944 [WARN] PackLoader:240 - Cannot read IP mode file for STMicroelectronics.X-CUBE-GNSS1.7.1.0
2026-05-20 17:22:53,954 [WARN] PackLoader:240 - Cannot read IP mode file for STMicroelectronics.FP-SNS-STBOX1.2.1.0
2026-05-20 17:22:53,963 [WARN] PackLoader:240 - Cannot read IP mode file for STMicroelectronics.FP-SNS-SMARTAG2.1.2.0
2026-05-20 17:22:53,970 [WARN] PackLoader:240 - Cannot read IP mode file for STMicroelectronics.FP-SNS-FLIGHT1.5.1.0
2026-05-20 17:22:53,984 [INFO] LogOutputStream:77 - [STDOUT_REDIRECT] 1 : Invalid condition id : UX_CORESTACK_Condition cause : null
2026-05-20 17:22:53,985 [INFO] LogOutputStream:77 - [STDOUT_REDIRECT] 1 : Invalid condition id : UX_CORESTACK_Condition cause : null
2026-05-20 17:22:53,986 [INFO] LogOutputStream:77 - [STDOUT_REDIRECT] 1 : Invalid condition id : UX_CORESTACK_Condition cause : null
2026-05-20 17:22:53,987 [INFO] LogOutputStream:77 - [STDOUT_REDIRECT] 1 : Invalid condition id : UX_CORESTACK_Condition cause : null
2026-05-20 17:22:53,988 [INFO] LogOutputStream:77 - [STDOUT_REDIRECT] 1 : Invalid condition id : UX_CORESTACK_Condition cause : null
2026-05-20 17:22:53,992 [WARN] PackLoader:240 - Cannot read IP mode file for STMicroelectronics.X-CUBE-AZRTOS-WL.2.0.0
2026-05-20 17:22:54,019 [WARN] PackLoader:240 - Cannot read IP mode file for STMicroelectronics.X-CUBE-AZRTOS-H7RS.1.2.0
2026-05-20 17:22:54,030 [WARN] PackLoader:240 - Cannot read IP mode file for STMicroelectronics.X-CUBE-BLE2.3.3.0
2026-05-20 17:22:54,091 [WARN] PackLoader:240 - Cannot read IP mode file for Infineon.AIROC-Wi-Fi-Bluetooth-STM32.1.8.0
2026-05-20 17:22:54,106 [WARN] PackLoader:240 - Cannot read IP mode file for STMicroelectronics.X-CUBE-NFC9.1.0.0
2026-05-20 17:22:54,115 [WARN] PackLoader:240 - Cannot read IP mode file for STMicroelectronics.X-CUBE-BLE1.7.1.0
2026-05-20 17:22:54,120 [WARN] PackLoader:240 - Cannot read IP mode file for wolfSSL.I-CUBE-wolfMQTT.1.19.2
2026-05-20 17:22:54,125 [WARN] PackLoader:240 - Cannot read IP mode file for STMicroelectronics.X-CUBE-FREERTOS.1.4.0
2026-05-20 17:22:54,133 [WARN] PackLoader:240 - Cannot read IP mode file for STMicroelectronics.X-CUBE-EEPRMA1.5.2.0
2026-05-20 17:22:54,142 [WARN] PackLoader:240 - Cannot read IP mode file for wolfSSL.I-CUBE-wolfSSL.5.8.4
2026-05-20 17:22:54,149 [WARN] PackLoader:240 - Cannot read IP mode file for Cesanta.I-CUBE-Mongoose.7.20.0
2026-05-20 17:22:54,154 [WARN] PackLoader:240 - Cannot read IP mode file for STMicroelectronics.FP-SNS-STAIOTCFT.1.1.0
2026-05-20 17:22:54,228 [WARN] PackLoader:240 - Cannot read IP mode file for STMicroelectronics.X-CUBE-MEMS1.12.0.0
2026-05-20 17:22:54,375 [WARN] PackLoader:240 - Cannot read IP mode file for STMicroelectronics.X-CUBE-AZRTOS-G0.1.1.0
2026-05-20 17:22:54,386 [WARN] PackLoader:240 - Cannot read IP mode file for STMicroelectronics.X-CUBE-NFC4.3.0.0
2026-05-20 17:22:54,398 [WARN] PackLoader:240 - Cannot read IP mode file for EmbeddedOffice.I-CUBE-FS-RTOS.1.0.1
2026-05-20 17:22:54,406 [WARN] PackLoader:240 - Cannot read IP mode file for STMicroelectronics.X-CUBE-WB05N.2.0.0
2026-05-20 17:22:54,412 [WARN] PackLoader:240 - Cannot read IP mode file for wolfSSL.I-CUBE-wolfTPM.3.8.0
2026-05-20 17:22:54,420 [WARN] PackLoader:240 - Cannot read IP mode file for STMicroelectronics.X-CUBE-TCPP.4.2.0
2026-05-20 17:22:54,429 [WARN] PackLoader:240 - Cannot read IP mode file for RealThread.X-CUBE-RT-Thread_Nano.4.1.1
2026-05-20 17:22:54,435 [WARN] PackLoader:240 - Cannot read IP mode file for STMicroelectronics.FP-ATR-SIGFOX1.3.2.0
2026-05-20 17:22:54,442 [WARN] PackLoader:240 - Cannot read IP mode file for STMicroelectronics.X-CUBE-FREERTOS.1.5.0
2026-05-20 17:22:54,451 [WARN] PackLoader:240 - Cannot read IP mode file for ITTIA_DB.I-CUBE-ITTIADB.8.9.0
2026-05-20 17:22:54,472 [WARN] PackLoader:240 - Cannot read IP mode file for STMicroelectronics.X-CUBE-NFC6.3.2.0
2026-05-20 17:22:54,492 [WARN] PackLoader:240 - Cannot read IP mode file for STMicroelectronics.X-CUBE-AI.10.2.0
2026-05-20 17:22:54,609 [WARN] PackLoader:240 - Cannot read IP mode file for STMicroelectronics.X-CUBE-MEMS1.12.1.0
2026-05-20 17:22:54,773 [WARN] PackLoader:240 - Cannot read IP mode file for SEGGER.I-CUBE-embOS.1.3.1
2026-05-20 17:22:54,849 [WARN] PackLoader:240 - Cannot read IP mode file for STMicroelectronics.X-CUBE-ALGOBUILD.1.4.0
2026-05-20 17:22:54,858 [WARN] PackLoader:240 - Cannot read IP mode file for STMicroelectronics.X-CUBE-PM33A1.1.0.0
2026-05-20 17:22:54,904 [INFO] WebApp:191 - Connection restablished
2026-05-20 17:22:54,910 [WARN] PackLoader:240 - Cannot read IP mode file for STMicroelectronics.X-CUBE-AZRTOS-F4.1.1.0
2026-05-20 17:22:54,921 [WARN] PackLoader:240 - Cannot read IP mode file for STMicroelectronics.X-CUBE-ISPU.2.1.0
2026-05-20 17:22:54,940 [WARN] PackLoader:240 - Cannot read IP mode file for STMicroelectronics.X-CUBE-IPS.3.2.0
2026-05-20 17:22:54,965 [WARN] PackLoader:240 - Cannot read IP mode file for STMicroelectronics.eDS-WB_DPC_TT-BIDIR.2.1.1
2026-05-20 17:22:54,977 [WARN] PackLoader:240 - Cannot read IP mode file for STMicroelectronics.X-CUBE-NFC12.1.0.0
2026-05-20 17:22:55,009 [WARN] PackLoader:240 - Cannot read IP mode file for STMicroelectronics.X-CUBE-AZRTOS-L5.2.0.0
2026-05-20 17:22:55,023 [WARN] PackLoader:240 - Cannot read IP mode file for STMicroelectronics.X-CUBE-NFC6.3.1.0
2026-05-20 17:22:55,030 [WARN] PackLoader:240 - Cannot read IP mode file for STMicroelectronics.eDS-WB_DPC_VIENNA.1.2.0
2026-05-20 17:22:55,036 [WARN] PackLoader:240 - Cannot read IP mode file for STMicroelectronics.eDS-WB_DPC_3PH2L-BIDIR.1.1.1
2026-05-20 17:22:55,043 [ERROR] Engine:466 - C:\Users\aai\.stm32cubemx\thirdparties\pdsc\STMicroelectronics.X-CUBE-ST67W61.1.3.0.pdsc: PDSC version is not supported
2026-05-20 17:22:55,051 [WARN] PackLoader:240 - Cannot read IP mode file for STMicroelectronics.X-CUBE-TOUCHGFX.4.26.0
2026-05-20 17:22:55,056 [WARN] PackLoader:240 - Cannot read IP mode file for STMicroelectronics.X-CUBE-TOUCHGFX.4.26.1
2026-05-20 17:22:55,063 [WARN] PackLoader:240 - Cannot read IP mode file for STMicroelectronics.FP-SNS-STAIOTCFT.1.0.0
2026-05-20 17:22:55,072 [WARN] PackLoader:240 - Cannot read IP mode file for STMicroelectronics.X-CUBE-DPower.1.3.0
2026-05-20 17:22:55,099 [WARN] ConditionMgr:438 - getConditionDescription Invalid condition id : LAN8742 Phy interface Condition cause : null
2026-05-20 17:22:55,101 [WARN] PackLoader:240 - Cannot read IP mode file for STMicroelectronics.X-CUBE-AZRTOS-L4.2.0.0
2026-05-20 17:22:55,103 [WARN] ConditionMgr:1044 - genDependencies : Invalid condition id : LAN8742 Phy interface Condition cause : null
2026-05-20 17:22:55,107 [WARN] ConditionMgr:1044 - genDependencies : Invalid condition id : LAN8742 Phy interface Condition cause : null
2026-05-20 17:22:55,108 [WARN] ConditionMgr:1044 - genDependencies : Invalid condition id : LAN8742 Phy interface Condition cause : null
2026-05-20 17:22:55,122 [WARN] PackLoader:240 - Cannot read IP mode file for STMicroelectronics.X-CUBE-SFXS2LP1.4.0.0
2026-05-20 17:22:55,131 [WARN] PackLoader:240 - Cannot read IP mode file for STMicroelectronics.X-CUBE-WB05N.2.1.0
2026-05-20 17:22:55,141 [WARN] PackLoader:240 - Cannot read IP mode file for STMicroelectronics.X-CUBE-ST67W61.1.2.0
2026-05-20 17:22:55,156 [WARN] PackLoader:240 - Cannot read IP mode file for STMicroelectronics.X-CUBE-BLEMGR.4.1.0
2026-05-20 17:22:55,177 [WARN] ConditionMgr:438 - getConditionDescription Invalid condition id : UX DEVICE CLASS RTOS Condition cause : null
2026-05-20 17:22:55,178 [WARN] ConditionMgr:438 - getConditionDescription Invalid condition id : UX DEVICE CLASS RTOS Condition cause : null
2026-05-20 17:22:55,181 [WARN] PackLoader:240 - Cannot read IP mode file for STMicroelectronics.X-CUBE-AZRTOS-WB.2.0.0
2026-05-20 17:22:55,182 [WARN] ConditionMgr:1044 - genDependencies : Invalid condition id : UX DEVICE CLASS RTOS Condition cause : null
2026-05-20 17:22:55,182 [WARN] ConditionMgr:1044 - genDependencies : Invalid condition id : UX DEVICE CLASS RTOS Condition cause : null
2026-05-20 17:22:55,182 [WARN] ConditionMgr:1044 - genDependencies : Invalid condition id : UX DEVICE CLASS RTOS Condition cause : null
2026-05-20 17:22:55,183 [WARN] ConditionMgr:1044 - genDependencies : Invalid condition id : UX DEVICE CLASS RTOS Condition cause : null
2026-05-20 17:22:55,183 [WARN] ConditionMgr:1044 - genDependencies : Invalid condition id : UX DEVICE CLASS RTOS Condition cause : null
2026-05-20 17:22:55,190 [WARN] ConditionMgr:438 - getConditionDescription Invalid condition id : Cortex-A Device cause : null
2026-05-20 17:22:55,208 [WARN] ConditionMgr:1044 - genDependencies : Invalid condition id : Cortex-A Device cause : null
2026-05-20 17:22:55,208 [WARN] ConditionMgr:1044 - genDependencies : Invalid condition id : Cortex-A Device cause : null
2026-05-20 17:22:55,209 [WARN] ConditionMgr:1044 - genDependencies : Invalid condition id : Cortex-A Device cause : null
2026-05-20 17:22:55,225 [WARN] PackLoader:240 - Cannot read IP mode file for STMicroelectronics.X-CUBE-STSE01.2.0.0
2026-05-20 17:22:55,243 [WARN] PackLoader:240 - Cannot read IP mode file for STMicroelectronics.X-CUBE-SUBG2.5.0.0
2026-05-20 17:22:55,271 [WARN] PackLoader:240 - Cannot read IP mode file for STMicroelectronics.X-CUBE-AZRTOS-G4.2.0.0
2026-05-20 17:22:55,281 [WARN] PackLoader:240 - Cannot read IP mode file for wolfSSL.I-CUBE-wolfSSH.1.4.20
2026-05-20 17:22:55,288 [WARN] PackLoader:240 - Cannot read IP mode file for STMicroelectronics.X-CUBE-NFC7.2.0.0
2026-05-20 17:22:55,295 [WARN] PackLoader:240 - Cannot read IP mode file for STMicroelectronics.X-CUBE-ALS.1.0.2
2026-05-20 17:22:55,305 [WARN] PackLoader:240 - Cannot read IP mode file for STMicroelectronics.X-CUBE-STSE01.1.0.0
2026-05-20 17:22:55,324 [WARN] PackLoader:240 - Cannot read IP mode file for STMicroelectronics.X-CUBE-TOF1.3.4.3
2026-05-20 17:22:55,337 [INFO] ThirdParty:978 - Integrity check success = true
2026-05-20 17:22:55,338 [INFO] IntegrityCheckThread:100 - exiting critical section [integrity check]
2026-05-20 17:22:55,338 [INFO] IntegrityCheckThread:103 - End integrity checks thread
2026-05-20 17:23:45,045 [ERROR] LogOutputStream:75 - [STDERR_REDIRECT] 
